Godot Engine v4.5.1.stable.official.f62fdbde1 - https://godotengine.org

TXWZS_RUNTIME_IDENTITY 天下无战事 · UNKNOWN · DEBUG · UNKNOWN
PASS: normal scene provides the regular campaign controller
PASS: regular campaign initializes
PASS: one ordinary home formation departs with authored supplies
PASS: clinic uses normal construction and road payment before the injury journey
ERROR: V5 campaign snapshot validation failed: INVALID_REGULAR_CAMPAIGN
   at: push_error (core/variant/variant_utility.cpp:1024)
   GDScript backtrace (most recent call first):
       [0] export_v5_campaign_snapshot (res://scripts/construction_controller.gd:5650)
       [1] flush_now (res://scripts/state/runtime_campaign_persistence_coordinator.gd:111)
       [2] persist_macro_march_checkpoint (res://scripts/state/runtime_campaign_persistence_coordinator.gd:193)
       [3] persist_macro_march_checkpoint (res://scripts/map_pan_controller.gd:150)
       [4] _persist_macro_march_checkpoint (res://scripts/construction_controller.gd:9499)
       [5] _tick (res://scripts/regular_campaign/regular_campaign_runtime.gd:162)
       [6] advance (res://scripts/regular_campaign/regular_campaign_runtime.gd:141)
       [7] _advance_until (res://tests/run_regular_campaign_r1_wounded_supply.gd:174)
       [8] _run (res://tests/run_regular_campaign_r1_wounded_supply.gd:91)
ERROR: V5 runtime persistence save failed: EMPTY_SNAPSHOT (canonical CampaignSnapshot export failed)
   at: push_error (core/variant/variant_utility.cpp:1024)
   GDScript backtrace (most recent call first):
       [0] _record_save_failure (res://scripts/state/runtime_campaign_persistence_coordinator.gd:313)
       [1] flush_now (res://scripts/state/runtime_campaign_persistence_coordinator.gd:114)
       [2] persist_macro_march_checkpoint (res://scripts/state/runtime_campaign_persistence_coordinator.gd:193)
       [3] persist_macro_march_checkpoint (res://scripts/map_pan_controller.gd:150)
       [4] _persist_macro_march_checkpoint (res://scripts/construction_controller.gd:9499)
       [5] _tick (res://scripts/regular_campaign/regular_campaign_runtime.gd:162)
       [6] advance (res://scripts/regular_campaign/regular_campaign_runtime.gd:141)
       [7] _advance_until (res://tests/run_regular_campaign_r1_wounded_supply.gd:174)
       [8] _run (res://tests/run_regular_campaign_r1_wounded_supply.gd:91)
ERROR: REGULAR_CAMPAIGN_R1_WOUNDED_SUPPLY FAIL: locally trained Silverford members count in pressure strength even though the population-conservation offset excludes them
   at: push_error (core/variant/variant_utility.cpp:1024)
   GDScript backtrace (most recent call first):
       [0] _finish (res://tests/run_regular_campaign_r1_wounded_supply.gd:208)
       [1] _run (res://tests/run_regular_campaign_r1_wounded_supply.gd:136)
ERROR: REGULAR_CAMPAIGN_R1_WOUNDED_SUPPLY FAIL: normal Redcliff combat and withdrawal create a real home-origin wound
   at: push_error (core/variant/variant_utility.cpp:1024)
   GDScript backtrace (most recent call first):
       [0] _finish (res://tests/run_regular_campaign_r1_wounded_supply.gd:208)
       [1] _run (res://tests/run_regular_campaign_r1_wounded_supply.gd:136)
ERROR: REGULAR_CAMPAIGN_R1_WOUNDED_SUPPLY FAIL: combat wounded and fallen remain outside pressure strength while the snapshot stays on the strict pressure schema
   at: push_error (core/variant/variant_utility.cpp:1024)
   GDScript backtrace (most recent call first):
       [0] _finish (res://tests/run_regular_campaign_r1_wounded_supply.gd:208)
       [1] _run (res://tests/run_regular_campaign_r1_wounded_supply.gd:136)
ERROR: REGULAR_CAMPAIGN_R1_WOUNDED_SUPPLY FAIL: continued unpaid real rations convert stranded wounded to fallen without a ghost treatment order or conservation break
   at: push_error (core/variant/variant_utility.cpp:1024)
   GDScript backtrace (most recent call first):
       [0] _finish (res://tests/run_regular_campaign_r1_wounded_supply.gd:208)
       [1] _run (res://tests/run_regular_campaign_r1_wounded_supply.gd:136)
