Godot Engine v4.5.1.stable.official.f62fdbde1 - https://godotengine.org

TXWZS_RUNTIME_IDENTITY 天下无战事 · UNKNOWN · DEBUG · UNKNOWN
PASS: formal 1x speed is accepted
PASS: farm starts at 1x
PASS: training starts at 1x
PASS: engineer dispatch starts at 1x
PASS: field construction starts at 1x
PASS: army order starts at 1x
PASS: pause freezes every world domain at 1x
PASS: speed selection resumes pause at 1x
PASS: formal 2x speed is accepted
PASS: farm starts at 2x
PASS: training starts at 2x
PASS: engineer dispatch starts at 2x
PASS: field construction starts at 2x
PASS: army order starts at 2x
PASS: pause freezes every world domain at 2x
PASS: speed selection resumes pause at 2x
PASS: formal 4x speed is accepted
PASS: farm starts at 4x
PASS: training starts at 4x
PASS: engineer dispatch starts at 4x
PASS: field construction starts at 4x
PASS: army order starts at 4x
PASS: pause freezes every world domain at 4x
PASS: speed selection resumes pause at 4x
PASS: 1x, 2x and 4x reach the same strategic snapshot at equal game time
PASS: world speed changes required real duration by 1:1, 1:2 and 1:4 only
PASS: restore probe selects 2x
PASS: V5 restore accepts the authoritative clock snapshot
PASS: restore keeps date, field clock, pause and speed without implicit catch-up
PASS: C0 probe preserves selected world speed
PASS: existing siege enters formal C0
PASS: formal C0 session starts
PASS: C0 advances eight fixed battle ticks for two battle seconds
PASS: C0 ticks do not advance city, march or field time
CAMPAIGN_TIME_CONSISTENCY_RESULTS [{"simulated_real_milliseconds":740000,"speed":1.0,"strategic":{"armies":[{"member_count":9,"phase":"STATIONED","progress_milliseconds":14965,"target_node_id":"northwatch_garrison","total_milliseconds":14965}],"build_progress_milliseconds":180000,"build_state":"READY_TO_PLACE","day":5,"day_elapsed_milliseconds":20000,"field_world_milliseconds":740000,"food":33,"invasion":{"activated_world_milliseconds":720000,"activation_day":5,"ambush_consumed_army_ids":[],"current_point_id":"northwatch_garrison","display_name":"赤崖先遣军","exposed":true,"handoff_attempt_id":"","invasion_kind":"BLACKSTONE_FIRST_INVASION","known_route_name":"赤崖城—北望—黑石城","last_engagement":{"ambush_army_ids":[],"army_ids":["army.player.000001"],"army_phase_after_by_army":{"army.player.000001":"STATIONED"},"army_strength_after_by_army":{"army.player.000001":9},"army_strength_before_by_army":{"army.player.000001":17},"contact_world_position":"(711, 205)","damaged_road_id":"","formation_losses_by_army":{"army.player.000001":{"formation.blackstone.2":5,"formation.blackstone.3":3}},"patrol_id":"invasion.blackstone.001","patrol_losses":6,"patrol_strength_after":10,"patrol_strength_before":16,"world_position":"(711, 205)"},"last_known_at_milliseconds":0,"last_known_target_id":"","move_elapsed_milliseconds":6704,"move_route_world_points":["(680, 210)","(520, 225)","(360, 315)","(245, 470)","(135, 650)"],"move_start_position":"(680, 210)","move_total_milliseconds":14965,"patrol_id":"invasion.blackstone.001","phase":"INVADING","resolved_army_ids":["army.player.000001"],"route_point_ids":["redcliff_city","northwatch_garrison","blackstone_city"],"source_point_id":"redcliff_city","strength":10,"target_point_id":"blackstone_city","target_route_index":2,"wait_remaining_milliseconds":0,"warning_day":4,"world_position":"(367, 310)"},"population":{"accounted":true,"adult_age_progress":56,"adults":61,"available":14,"child_age_progress":1,"children":1,"construction_permille":1000,"construction_workers":12,"elderly":0,"elderly_exposure_progress":0,"fallen":11,"female_count":0,"governance_workers":4,"growth_progress":0,"male_count":1,"medical_workers":4,"military":14,"next_birth_sequence":2,"next_treatment_sequence":1,"production_permille":1000,"production_workers":12,"resident_sick":0,"schema_version":3,"specialists":1,"total_living":62,"training_reserved":0,"treatment":{"count":0,"food_cost_committed":0,"phase":"IDLE","progress_milliseconds":0,"required_milliseconds":0,"treatment_id":""},"unknown_sex_count":61,"unsettled_refugees":0,"work_eligible":14,"wounded":0},"projects":[{"phase":"COMPLETE","progress_milliseconds":5000,"project_kind":"CONSTRUCTION","required_milliseconds":5000}],"training":{"active_order_id":"","city_id":"blackstone_city","last_order_day":1,"next_order_sequence":2,"orders_by_id":{"training.blackstone_city.000001":{"city_id":"blackstone_city","complete_day":2,"completed_day":2,"food_cost_committed":15,"order_id":"training.blackstone_city.000001","ordered_day":1,"phase":"COMPLETED","quantity":5,"schema_version":1,"unit_definition_id":"unit_role.infantry_basic"}},"schema_version":1},"wood":55}},{"simulated_real_milliseconds":370000,"speed":2.0,"strategic":{"armies":[{"member_count":9,"phase":"STATIONED","progress_milliseconds":14965,"target_node_id":"northwatch_garrison","total_milliseconds":14965}],"build_progress_milliseconds":180000,"build_state":"READY_TO_PLACE","day":5,"day_elapsed_milliseconds":20000,"field_world_milliseconds":740000,"food":33,"invasion":{"activated_world_milliseconds":720000,"activation_day":5,"ambush_consumed_army_ids":[],"current_point_id":"northwatch_garrison","display_name":"赤崖先遣军","exposed":true,"handoff_attempt_id":"","invasion_kind":"BLACKSTONE_FIRST_INVASION","known_route_name":"赤崖城—北望—黑石城","last_engagement":{"ambush_army_ids":[],"army_ids":["army.player.000001"],"army_phase_after_by_army":{"army.player.000001":"STATIONED"},"army_strength_after_by_army":{"army.player.000001":9},"army_strength_before_by_army":{"army.player.000001":17},"contact_world_position":"(711, 205)","damaged_road_id":"","formation_losses_by_army":{"army.player.000001":{"formation.blackstone.2":5,"formation.blackstone.3":3}},"patrol_id":"invasion.blackstone.001","patrol_losses":6,"patrol_strength_after":10,"patrol_strength_before":16,"world_position":"(711, 205)"},"last_known_at_milliseconds":0,"last_known_target_id":"","move_elapsed_milliseconds":6704,"move_route_world_points":["(680, 210)","(520, 225)","(360, 315)","(245, 470)","(135, 650)"],"move_start_position":"(680, 210)","move_total_milliseconds":14965,"patrol_id":"invasion.blackstone.001","phase":"INVADING","resolved_army_ids":["army.player.000001"],"route_point_ids":["redcliff_city","northwatch_garrison","blackstone_city"],"source_point_id":"redcliff_city","strength":10,"target_point_id":"blackstone_city","target_route_index":2,"wait_remaining_milliseconds":0,"warning_day":4,"world_position":"(367, 310)"},"population":{"accounted":true,"adult_age_progress":56,"adults":61,"available":14,"child_age_progress":1,"children":1,"construction_permille":1000,"construction_workers":12,"elderly":0,"elderly_exposure_progress":0,"fallen":11,"female_count":0,"governance_workers":4,"growth_progress":0,"male_count":1,"medical_workers":4,"military":14,"next_birth_sequence":2,"next_treatment_sequence":1,"production_permille":1000,"production_workers":12,"resident_sick":0,"schema_version":3,"specialists":1,"total_living":62,"training_reserved":0,"treatment":{"count":0,"food_cost_committed":0,"phase":"IDLE","progress_milliseconds":0,"required_milliseconds":0,"treatment_id":""},"unknown_sex_count":61,"unsettled_refugees":0,"work_eligible":14,"wounded":0},"projects":[{"phase":"COMPLETE","progress_milliseconds":5000,"project_kind":"CONSTRUCTION","required_milliseconds":5000}],"training":{"active_order_id":"","city_id":"blackstone_city","last_order_day":1,"next_order_sequence":2,"orders_by_id":{"training.blackstone_city.000001":{"city_id":"blackstone_city","complete_day":2,"completed_day":2,"food_cost_committed":15,"order_id":"training.blackstone_city.000001","ordered_day":1,"phase":"COMPLETED","quantity":5,"schema_version":1,"unit_definition_id":"unit_role.infantry_basic"}},"schema_version":1},"wood":55}},{"simulated_real_milliseconds":185000,"speed":4.0,"strategic":{"armies":[{"member_count":9,"phase":"STATIONED","progress_milliseconds":14965,"target_node_id":"northwatch_garrison","total_milliseconds":14965}],"build_progress_milliseconds":180000,"build_state":"READY_TO_PLACE","day":5,"day_elapsed_milliseconds":20000,"field_world_milliseconds":740000,"food":33,"invasion":{"activated_world_milliseconds":720000,"activation_day":5,"ambush_consumed_army_ids":[],"current_point_id":"northwatch_garrison","display_name":"赤崖先遣军","exposed":true,"handoff_attempt_id":"","invasion_kind":"BLACKSTONE_FIRST_INVASION","known_route_name":"赤崖城—北望—黑石城","last_engagement":{"ambush_army_ids":[],"army_ids":["army.player.000001"],"army_phase_after_by_army":{"army.player.000001":"STATIONED"},"army_strength_after_by_army":{"army.player.000001":9},"army_strength_before_by_army":{"army.player.000001":17},"contact_world_position":"(711, 205)","damaged_road_id":"","formation_losses_by_army":{"army.player.000001":{"formation.blackstone.2":5,"formation.blackstone.3":3}},"patrol_id":"invasion.blackstone.001","patrol_losses":6,"patrol_strength_after":10,"patrol_strength_before":16,"world_position":"(711, 205)"},"last_known_at_milliseconds":0,"last_known_target_id":"","move_elapsed_milliseconds":6704,"move_route_world_points":["(680, 210)","(520, 225)","(360, 315)","(245, 470)","(135, 650)"],"move_start_position":"(680, 210)","move_total_milliseconds":14965,"patrol_id":"invasion.blackstone.001","phase":"INVADING","resolved_army_ids":["army.player.000001"],"route_point_ids":["redcliff_city","northwatch_garrison","blackstone_city"],"source_point_id":"redcliff_city","strength":10,"target_point_id":"blackstone_city","target_route_index":2,"wait_remaining_milliseconds":0,"warning_day":4,"world_position":"(367, 310)"},"population":{"accounted":true,"adult_age_progress":56,"adults":61,"available":14,"child_age_progress":1,"children":1,"construction_permille":1000,"construction_workers":12,"elderly":0,"elderly_exposure_progress":0,"fallen":11,"female_count":0,"governance_workers":4,"growth_progress":0,"male_count":1,"medical_workers":4,"military":14,"next_birth_sequence":2,"next_treatment_sequence":1,"production_permille":1000,"production_workers":12,"resident_sick":0,"schema_version":3,"specialists":1,"total_living":62,"training_reserved":0,"treatment":{"count":0,"food_cost_committed":0,"phase":"IDLE","progress_milliseconds":0,"required_milliseconds":0,"treatment_id":""},"unknown_sex_count":61,"unsettled_refugees":0,"work_eligible":14,"wounded":0},"projects":[{"phase":"COMPLETE","progress_milliseconds":5000,"project_kind":"CONSTRUCTION","required_milliseconds":5000}],"training":{"active_order_id":"","city_id":"blackstone_city","last_order_day":1,"next_order_sequence":2,"orders_by_id":{"training.blackstone_city.000001":{"city_id":"blackstone_city","complete_day":2,"completed_day":2,"food_cost_committed":15,"order_id":"training.blackstone_city.000001","ordered_day":1,"phase":"COMPLETED","quantity":5,"schema_version":1,"unit_definition_id":"unit_role.infantry_basic"}},"schema_version":1},"wood":55}}]
CAMPAIGN_TIME_CONSISTENCY_R1_SMOKE PASS assertions=34
