Godot Engine v4.5.1.stable.official.f62fdbde1 - https://godotengine.org

[   0% ] [90m[1mfirst_scan_filesystem[22m | Started 项目初始化 (5 steps)[39m[0m
[   0% ] [90m[1mfirst_scan_filesystem[22m | 正在扫描文件结构……[39m[0m
[  16% ] [90m[1mfirst_scan_filesystem[22m | 正在加载全局类名……[39m[0m
[  33% ] [90m[1mfirst_scan_filesystem[22m | 正在校验 GDExtension……[39m[0m
[  50% ] [90m[1mfirst_scan_filesystem[22m | 正在创建自动加载脚本……[39m[0m
[  66% ] [90m[1mfirst_scan_filesystem[22m | 正在初始化插件……[39m[0m
[  83% ] [90m[1mfirst_scan_filesystem[22m | 正在启动文件扫描……[39m[0m
[92m[ DONE ][39m [1mfirst_scan_filesystem[22m
[0m
[   0% ] [90m[1mupdate_scripts_classes[22m | Started 正在注册全局类…… (9 steps)[39m[0m
[   0% ] [90m[1mupdate_scripts_classes[22m | RegularCampaignRuntime[39m[0m
[  10% ] [90m[1mupdate_scripts_classes[22m | RegularCampaignView[39m[0m
[  20% ] [90m[1mupdate_scripts_classes[22m | [39m[0m
[  30% ] [90m[1mupdate_scripts_classes[22m | TitleShell[39m[0m
[  40% ] [90m[1mupdate_scripts_classes[22m | [39m[0m
[  50% ] [90m[1mupdate_scripts_classes[22m | [39m[0m
[  60% ] [90m[1mupdate_scripts_classes[22m | [39m[0m
[  70% ] [90m[1mupdate_scripts_classes[22m | [39m[0m
[  80% ] [90m[1mupdate_scripts_classes[22m | [39m[0m
[92m[ DONE ][39m [1mupdate_scripts_classes[22m
[0m
[   0% ] [90m[1m_update_scan_actions[22m | Started 正在扫描动作…… (29 steps)[39m[0m
[   0% ] [90m[1m_update_scan_actions[22m | 01-title-movie.png[39m[0m
[   3% ] [90m[1m_update_scan_actions[22m | 01-title.png[39m[0m
[   6% ] [90m[1m_update_scan_actions[22m | 02-preparation-1152x648.png[39m[0m
[  10% ] [90m[1m_update_scan_actions[22m | 02-preparation-1920x947.png[39m[0m
[  13% ] [90m[1m_update_scan_actions[22m | 02-preparation-movie.png[39m[0m
[  16% ] [90m[1m_update_scan_actions[22m | 02-preparation.png[39m[0m
[  20% ] [90m[1m_update_scan_actions[22m | 03-productive-base-1152x648.png[39m[0m
[  23% ] [90m[1m_update_scan_actions[22m | 03-productive-base-1920x947.png[39m[0m
[  26% ] [90m[1m_update_scan_actions[22m | 03-productive-base-movie.png[39m[0m
[  30% ] [90m[1m_update_scan_actions[22m | 03-productive-base.png[39m[0m
[  33% ] [90m[1m_update_scan_actions[22m | 04-silverford-controlled-movie.png[39m[0m
[  36% ] [90m[1m_update_scan_actions[22m | 04-silverford-controlled.png[39m[0m
[  40% ] [90m[1m_update_scan_actions[22m | 05-victory-preview-1152x648.png[39m[0m
[  43% ] [90m[1m_update_scan_actions[22m | 05-victory-preview-1920x947.png[39m[0m
[  46% ] [90m[1m_update_scan_actions[22m | 05-victory-preview-movie.png[39m[0m
[  50% ] [90m[1m_update_scan_actions[22m | 05-victory-preview.png[39m[0m
[  53% ] [90m[1m_update_scan_actions[22m | 06-settled-1152x648.png[39m[0m
[  56% ] [90m[1m_update_scan_actions[22m | 06-settled-1920x947.png[39m[0m
[  60% ] [90m[1m_update_scan_actions[22m | 06-settled-movie.png[39m[0m
[  63% ] [90m[1m_update_scan_actions[22m | 06-settled.png[39m[0m
[  66% ] [90m[1m_update_scan_actions[22m | 07-food-warning.png[39m[0m
[  70% ] [90m[1m_update_scan_actions[22m | 08-forecast-repaired.png[39m[0m
[  73% ] [90m[1m_update_scan_actions[22m | 09-home-after-settlement-movie.png[39m[0m
[  76% ] [90m[1m_update_scan_actions[22m | 09-home-after-settlement.png[39m[0m
[  80% ] [90m[1m_update_scan_actions[22m | 10-high-pressure.png[39m[0m
[  83% ] [90m[1m_update_scan_actions[22m | 11-local-command-movie.png[39m[0m
[  86% ] [90m[1m_update_scan_actions[22m | 11-local-command.png[39m[0m
[  90% ] [90m[1m_update_scan_actions[22m | assault.webp[39m[0m
[  93% ] [90m[1m_update_scan_actions[22m | defense.webp[39m[0m
[92m[ DONE ][39m [1m_update_scan_actions[22m
[0m
[   0% ] [90m[1mreimport[22m | Started 正在导入或重新导入资产 (24 steps)[39m[0m
[   0% ] [90m[1mreimport[22m | 正在准备重新加载文件……[39m[0m
[   4% ] [90m[1mreimport[22m | 正在准备重新加载文件……[39m[0m
[   8% ] [90m[1mreimport[22m | 正在准备重新加载文件……[39m[0m
[  12% ] [90m[1mreimport[22m | 正在准备重新加载文件……[39m[0m
[  16% ] [90m[1mreimport[22m | 正在准备重新加载文件……[39m[0m
[  20% ] [90m[1mreimport[22m | 正在准备重新加载文件……[39m[0m
[  24% ] [90m[1mreimport[22m | 正在准备重新加载文件……[39m[0m
[  28% ] [90m[1mreimport[22m | 正在准备重新加载文件……[39m[0m
[  32% ] [90m[1mreimport[22m | 正在准备重新加载文件……[39m[0m
[  36% ] [90m[1mreimport[22m | 正在准备重新加载文件……[39m[0m
[  40% ] [90m[1mreimport[22m | 正在准备重新加载文件……[39m[0m
[  44% ] [90m[1mreimport[22m | 正在准备重新加载文件……[39m[0m
[  48% ] [90m[1mreimport[22m | 正在准备重新加载文件……[39m[0m
[  52% ] [90m[1mreimport[22m | 正在准备重新加载文件……[39m[0m
[  56% ] [90m[1mreimport[22m | 正在准备重新加载文件……[39m[0m
[  60% ] [90m[1mreimport[22m | 正在准备重新加载文件……[39m[0m
[  64% ] [90m[1mreimport[22m | 正在准备重新加载文件……[39m[0m
[  68% ] [90m[1mreimport[22m | 正在准备重新加载文件……[39m[0m
[  72% ] [90m[1mreimport[22m | 正在准备重新加载文件……[39m[0m
[  76% ] [90m[1mreimport[22m | 正在准备重新加载文件……[39m[0m
[  80% ] [90m[1mreimport[22m | 正在准备重新加载文件……[39m[0m
[  84% ] [90m[1mreimport[22m | 正在准备重新加载文件……[39m[0m
[  88% ] [90m[1mreimport[22m | 正在准备重新加载文件……[39m[0m
[  92% ] [90m[1mreimport[22m | 正在准备重新加载文件……[39m[0m
[   0% ] [90m[1mreimport[22m | 正在执行重新加载前的操作……[39m[0m
[   0% ] [90m[1mreimport[22m | 11-local-command.png[39m[0m
[   4% ] [90m[1mreimport[22m | 11-local-command-movie.png[39m[0m
[   8% ] [90m[1mreimport[22m | 10-high-pressure.png[39m[0m
[  12% ] [90m[1mreimport[22m | 09-home-after-settlement-movie.png[39m[0m
[  16% ] [90m[1mreimport[22m | 08-forecast-repaired.png[39m[0m
[  20% ] [90m[1mreimport[22m | 07-food-warning.png[39m[0m
[  24% ] [90m[1mreimport[22m | 06-settled.png[39m[0m
[  28% ] [90m[1mreimport[22m | 06-settled-movie.png[39m[0m
[  32% ] [90m[1mreimport[22m | 06-settled-1152x648.png[39m[0m
[  36% ] [90m[1mreimport[22m | 05-victory-preview.png[39m[0m
[  40% ] [90m[1mreimport[22m | 05-victory-preview-movie.png[39m[0m
[  44% ] [90m[1mreimport[22m | 05-victory-preview-1152x648.png[39m[0m
[  48% ] [90m[1mreimport[22m | 04-silverford-controlled.png[39m[0m
[  52% ] [90m[1mreimport[22m | 04-silverford-controlled-movie.png[39m[0m
[  56% ] [90m[1mreimport[22m | 03-productive-base.png[39m[0m
[  60% ] [90m[1mreimport[22m | 03-productive-base-movie.png[39m[0m
[  64% ] [90m[1mreimport[22m | 03-productive-base-1920x947.png[39m[0m
[  68% ] [90m[1mreimport[22m | 03-productive-base-1152x648.png[39m[0m
[  72% ] [90m[1mreimport[22m | 02-preparation.png[39m[0m
[  76% ] [90m[1mreimport[22m | 02-preparation-movie.png[39m[0m
[  80% ] [90m[1mreimport[22m | 02-preparation-1920x947.png[39m[0m
[  84% ] [90m[1mreimport[22m | 02-preparation-1152x648.png[39m[0m
[  88% ] [90m[1mreimport[22m | 01-title.png[39m[0m
[  92% ] [90m[1mreimport[22m | 01-title-movie.png[39m[0m
[  96% ] [90m[1mreimport[22m | 正在结束资产导入……[39m[0m
[92m[ DONE ][39m [1mreimport[22m
[0m
[   0% ] [90m[1mreimport[22m | Started 正在导入或重新导入资产 (24 steps)[39m[0m
[   0% ] [90m[1mreimport[22m | 正在执行重新加载后的操作……[39m[0m
[92m[ DONE ][39m [1mreimport[22m
[0m
[   0% ] [90m[1mloading_editor_layout[22m | Started 正在加载编辑器 (5 steps)[39m[0m
[   0% ] [90m[1mloading_editor_layout[22m | 正在加载编辑器布局……[39m[0m
[92m[ DONE ][39m [1mloading_editor_layout[22m
[0m
