Godot Engine v4.5.1.stable.official.f62fdbde1 - https://godotengine.org

PASS: 正式城市场景可加载
TXWZS_RUNTIME_IDENTITY 天下无战事 · UNKNOWN · DEBUG · UNIDENTIFIED
PASS: 正式入口建立稳定 ID 的唯一 QUEUED 训练单
PASS: 成功下单只从城市粮食真值扣除一次完整成本
PASS: 队列源状态与三个兼容读投影一致
PASS: 训练队列读模型深拷贝，调用者不能旁路改写
PASS: 已有活动单时结构化拒绝重复训练
PASS: 重复训练失败保持粮食、序列和订单零写入
PASS: 暂停在边界前一毫秒仍冻结战略时间和训练
PASS: 1x 只通过正式战略日边界完成训练并写入驻军
PASS: 完成单保留事实记录并清除派生活动订单
PASS: 后续日边界重放不会重复增加已完成训练
PASS: 2x 用例重置正式城市状态
PASS: 2x 用例可下达训练
PASS: 2x 在相同战略边界只完成一次训练
PASS: 4x 用例重置正式城市状态
PASS: 4x 用例可下达训练
PASS: 4x 在相同战略边界只完成一次训练
PASS: 战争阻断用例重置状态
PASS: 战争阻断前可建立合格训练单
PASS: 主线待处理期间统一时钟与训练日界线继续推进
PASS: 状态切换后只消费新授权的一秒时间
PASS: 场景切换用例重置状态
PASS: 场景切换前可建立训练单
PASS: 城市到展示场景再返回不会合成时间或丢失训练单
PASS: 失败矩阵重置状态
PASS: 未知兵种结构化拒绝且零写入
PASS: 非权威批量结构化拒绝且零写入
PASS: 粮食不足结构化拒绝且不创建第二资源账本
PASS: 征募容量不足结构化拒绝且零写入
PASS: 指挥上限用例选择先锋将领
PASS: 有效指挥上限不足结构化拒绝且零写入
PASS: 补给短缺结构化拒绝且零写入
PASS: 结构化阻断原因通过既有军队 UI 读模型向玩家呈现
PASS: 完成失败注入重置状态
PASS: 失败注入前建立合格训练单
PASS: 完成容量失败在日边界前预检，城市与队列整体零写入
PASS: 失败条件解除后同一训练单可完成且只完成一次
V5_TRAINING_QUEUE_SMOKE PASS
