Godot Engine v4.5.1.stable.official.f62fdbde1 - https://godotengine.org

TXWZS_RUNTIME_IDENTITY 天下无战事 · UNKNOWN · DEBUG · UNIDENTIFIED
PASS: 新局年龄与性别是可解释的正交聚合；未知历史不被伪造
PASS: 民居从正式单槽城建入口开工
PASS: 施工完成只产生待放置民居，不在建房或日结时补满人口
PASS: 已付款民居通过正式地图放置后仅增加住房容量
PASS: 正式城市日边界累计人口增长
PASS: 正式城市日边界累计人口增长
PASS: 正式城市日边界累计人口增长
PASS: 正式城市日边界累计人口增长
PASS: 住房、粮食与健康满足后出生一次进入儿童组，不成为劳动力
PASS: 难民以稳定战役来源和有限人数抵达一次
PASS: 浏览人口与难民详情只显示来源、人数和压力，不推进或领取人口
PASS: 接纳只增加一次人口并留在待安置组，不同时成为工人或兵源
PASS: 重复接纳不重复领取人口
PASS: 住房覆盖后正式安置把健康成年人转为劳动力，并把两名病患交给既有疾病医疗状态
PASS: 安置完成的人口可沿既有正式训练预留进入战争流程
PASS: 无住房增长空间时仍可推进到来源明确的难民事件
PASS: 无住房增长空间时仍可推进到来源明确的难民事件
PASS: 无住房增长空间时仍可推进到来源明确的难民事件
PASS: 无住房增长空间时仍可推进到来源明确的难民事件
PASS: 无住房增长空间时仍可推进到来源明确的难民事件
PASS: 暂缓保留同一来源、人数与稳定事件身份
PASS: 暂缓后仍可明确接纳一次
PASS: 住房不足时明确保持等待；待安置人口不占岗位、劳动力或训练兵源
PASS: 拒绝关闭有限来源且不增加人口或临时生成夸大惩罚
PASS: 长期加速边界使儿童转为可用成年人，不改写驻军或外派身份
PASS: 成年人老化只从城内可用组迁移，不让行军或战斗人员消失
PASS: 冬季持续暴露达到已配置阈值后才记录老年死亡，死亡不会进入治疗
PASS: 低治安通过正式日结开始累积压力
PASS: 低治安先提供可理解预警，不立即跳到库存损失
PASS: 持续低治安达到事件阈值后再形成具体事件
PASS: 轻微盗窃命中粮食库存并在同一稳定事件阶段只扣一次
PASS: 刷新或重复后果入口不会再次扣除盗窃损失
PASS: 持续短缺累积社会压力
PASS: 持续短缺累积社会压力
PASS: 持续压力把同一事件升级为针对生产的土匪干扰，而非重复盗窃
PASS: 长期不处理的严重压力升级为局部停工，不改写主城控制权或生成无来源守城战
PASS: 治理人员与明确粮食成本只处置当前事件并降低部分压力
PASS: 补足粮食、建设住房并逐日处置具体事件后压力归零，生产恢复；单次按钮没有跳过经营原因
PASS: 伤员治疗正式占用同一医疗容量
PASS: 活动伤员批次先占两格容量，病患只使用剩余两格而非第二套完整容量
PASS: V15 旧档保留总数与岗位，将已知病患从可用成年人迁出并把未知性别明确标记
PASS: 当前治理快照严格拒绝伪装为稳定 ID 的普通字符串字段
CITY_POPULATION_PRESSURE_R0_SMOKE PASS assertions=42
