Godot Engine v4.5.1.stable.official.f62fdbde1 - https://godotengine.org

TXWZS_RUNTIME_IDENTITY 天下无战事 · UNKNOWN · DEBUG · UNIDENTIFIED
PASS: 正式行军抵达后保留原军队并建立围城
PASS: 宏观围城可从正式控制器进入独立战时实例
PASS: 战时请求读取原编队与既有粮食事务，不重新派兵或扣粮
PASS: 围城持久关联先于战时界面开放并保留原军令身份
PASS: 首次接管冻结宏观已发生的双方 HP，而非以人数重建满血队伍
PASS: 宏观围城只提供会实际生效的攻城槌和箭塔，不允许临时改写已冻结的原军队部署
PASS: 宏观围城新提交拒绝没有攻城实际效果的拒马，旧结构计划仍可由恢复校验读取且不扣木材
PASS: 宏观围城确认工事只扣一次建设木材，并写入冻结接管请求
PASS: 宏观围城工事重复提交被权威入口拒绝，不重复扣费
PASS: 跨日或改变城市选择后仍可打开同一冻结围城请求
PASS: 恢复不重新读取当前日期、将领、科技或补给来构造参战参数
PASS: 世界时间跳过被战时实例接管的同一围城，不重复推进伤亡或城门
PASS: 接管后的正式战时实例可激活唯一战斗会话
PASS: 工事人员仍在接近工位，不提前授予建设效果
PASS: 途中位置推进，远离城门时攻城槌不改变耐久
PASS: 战时首刻保存到围城关联，可由同一来源恢复
PASS: 活动围城接管可通过正式 V5 快照校验后发布
PASS: 重复进入恢复同一围城接管，不创建第二个实例
PASS: 重开战时界面从持久围城关联恢复同一活动实例
PASS: 终局结果先持久化为待回写事实，而不立即改写宏观围城
PASS: 待回写结果与围城接管关联一同保存，重开无需重打
PASS: 终局回写保存实际残余 HP 与城门耐久，而非由伤亡人数反推
PASS: 旧 schema 5 待回写战果一次迁移为可领取状态，不重演战斗
PASS: 待回写结果可从同一围城再次打开
PASS: 重开战时界面恢复待确认战果，不重复推进或重复播放战斗
PASS: 战时实例可将撤退结果提交回原宏观围城
PASS: 撤退回写关闭原围城并保留同一军队的合法返程，而非重建城市出征
PASS: 胜利链由正式宏观围城入口打开唯一战时实例
PASS: 宏观来源经正式 C0 前进、胜利回写后只更新原军队驻扎和目标控制权，不重复扣粮
PASS: 宏观来源的正式战败保留幸存原军队返程，不占城且不重复扣粮
PASS: 宏观来源全灭关闭原军队和围城，不占城、不留空壳且不重复扣粮或回写
MACRO_SIEGE_WARTIME_HANDOFF_SMOKE PASS assertions=31
