Godot Engine v4.5.1.stable.official.f62fdbde1 - https://godotengine.org

TXWZS_RUNTIME_IDENTITY 天下无战事 · UNKNOWN · DEBUG · UNIDENTIFIED
PASS: 正式城市入口打开唯一宏观军令界面并可安全返回，不走旧 MVP 写入路径
PASS: 草稿的非法道路或终点不会扣粮、扣编队或创建军令
PASS: 确认前道路转为受阻时拒绝军令，编队和粮草保持不变
PASS: 两条绘制道路保留不同的实际多段路径，不静默改为最短直线
PASS: 确认军令精确抽取所选编队，未选编队不变，并按当前粮草公式只扣一次
PASS: 已发布军令拒绝重复确认、取消或改道，快照不产生第二笔扣粮
PASS: 暂停时宏观行军不推进
PASS: 行军使用城市暂停和速度状态，以逻辑毫秒推进
PASS: 支路中断在受阻段之前的实际路径位置临时驻扎，不传送或任意停靠
PASS: 道路恢复后保留同一 order_id、路线和粮食事务，自动继续不重复收费
PASS: 到达友方驻扎点完成本段军令，不宣称战斗或攻城胜利
PASS: 驻扎点后续发令保留军队身份和原兵力，不从黑石城重新生成士兵
PASS: 隔离冷恢复保留在途军令、实际路径、进度和精确编队，不创建新订单
PASS: 旧 V6/R1E 快照保持可验证，不能凭迁移凭空生成宏观军令
PASS: 自动化地图绘线草稿经确认进入正式军令，运行时字段不会破坏扣费或发令
PASS: 自动化地图工程绘线保留陆地材料，并将跨水事实交给权威分段规划
PASS: 自动化工程绘线松手只形成草稿，确认后才扣资源并创建施工项目
PASS: 正式鼠标入口可选择工程师、远端施工起点并连接已有驻点，权威预览提供到场时间与费用
PASS: 正式侦察按钮先创建待命单位，再由地图点击写入实际目标和移动状态
PASS: 自动化鼠标命中受损道路并点击维修入口，会创建到场维修而不立即放行
PASS: 鼠标命中同点重叠军队可轮换选队；死亡历史不会阻止补派
PASS: 攻城详情按选中 army_id 读取对应交战，而非兼容用第一场攻城
PASS: 自动化 UI 布局在 1152×648 下保持裁剪地图、滚动编队和可见行动区互不覆盖
PASS: 自动化 UI 布局在 1280×720 下保持裁剪地图、滚动编队和可见行动区互不覆盖
PASS: 自动化 UI 布局在 1920×1080 下保持裁剪地图、滚动编队和可见行动区互不覆盖
PASS: 自动化鼠标事件验证滚轮以光标为锚缩放，中键平移只改变地图相机
PASS: 编队 roster 未变化时跨帧保留同一个控件实例，按下与松开不会落到重建按钮
PASS: 地图显示的选队人数与粮食预估来自控制器只读预览，不创建第二套扣粮规则
PASS: 自动化鼠标拖线在正式地图入口生成可确认草稿，右侧控件不会向地图点击穿透
PASS: 正式地图将城内编队的 0 人标为已出征，按军队快照显示当前 7 人，并保留原军令起点与目标
MACRO_MARCH_R0_SMOKE PASS assertions=30
