Godot Engine v4.5.1.stable.official.f62fdbde1 - https://godotengine.org

[   0% ] [90m[1mfirst_scan_filesystem[22m | Started 项目初始化 (5 steps)[39m[0m
[   0% ] [90m[1mfirst_scan_filesystem[22m | 正在扫描文件结构……[39m[0m
[  16% ] [90m[1mfirst_scan_filesystem[22m | 正在加载全局类名……[39m[0m
[  33% ] [90m[1mfirst_scan_filesystem[22m | 正在校验 GDExtension……[39m[0m
[  50% ] [90m[1mfirst_scan_filesystem[22m | 正在创建自动加载脚本……[39m[0m
[  66% ] [90m[1mfirst_scan_filesystem[22m | 正在初始化插件……[39m[0m
[  83% ] [90m[1mfirst_scan_filesystem[22m | 正在启动文件扫描……[39m[0m
[92m[ DONE ][39m [1mfirst_scan_filesystem[22m
[0m
WARNING: Missing .uid file for path "res://scripts/content/campaign_recovery_rules.gd". The file was re-created from cache.
     at: _process_file_system (editor/file_system/editor_file_system.cpp:1363)
WARNING: Missing .uid file for path "res://scripts/state/population_recovery_state.gd". The file was re-created from cache.
     at: _process_file_system (editor/file_system/editor_file_system.cpp:1363)
WARNING: Missing .uid file for path "res://tests/run_blackstone_invasion_r0_smoke.gd". The file was re-created from cache.
     at: _process_file_system (editor/file_system/editor_file_system.cpp:1363)
WARNING: Missing .uid file for path "res://tests/run_blackstone_recovery_r0_smoke.gd". The file was re-created from cache.
     at: _process_file_system (editor/file_system/editor_file_system.cpp:1363)
WARNING: Missing .uid file for path "res://tests/run_city_strategy_growth_r0_smoke.gd". The file was re-created from cache.
     at: _process_file_system (editor/file_system/editor_file_system.cpp:1363)
WARNING: Missing .uid file for path "res://tests/run_field_defense_expansion_r0_smoke.gd". The file was re-created from cache.
     at: _process_file_system (editor/file_system/editor_file_system.cpp:1363)
WARNING: Missing .uid file for path "res://tests/run_macro_siege_wartime_graphical_smoke.gd". The file was re-created from cache.
     at: _process_file_system (editor/file_system/editor_file_system.cpp:1363)
WARNING: Missing .uid file for path "res://tests/run_recovery_defense_expansion_graphical_smoke.gd". The file was re-created from cache.
     at: _process_file_system (editor/file_system/editor_file_system.cpp:1363)
WARNING: Missing .uid file for path "res://tests/run_wartime_defense_continuity_graphical_smoke.gd". The file was re-created from cache.
     at: _process_file_system (editor/file_system/editor_file_system.cpp:1363)
WARNING: Scan thread aborted...
     at: _notification (editor/file_system/editor_file_system.cpp:1729)
