Godot Engine v4.5.1.stable.official.f62fdbde1 - https://godotengine.org

PASS: 正式试玩加载独立战区 Resource，而不是只换色的综合回归布局
TXWZS_RUNTIME_IDENTITY 天下无战事 · UNKNOWN · DEBUG · UNIDENTIFIED
R2_STATION_CONTINUATION_TRACE stage=before army=army.player.000001 phase=STATIONED target_node=northwatch_garrison current_point= order=macro.order.000001 order_source=blackstone_city order_target=northwatch_garrison route=road.blackstone.northwatch.ridge selected_army=army.player.000001 formations=[] direct_pending=false picker=false locked={  } preview={  } error= status=行军中：黑石城 → 北望驻点 · 世界正常推进 · 1.0×
R2_STATION_CONTINUATION_TRACE stage=rejected army=army.player.000001 phase=STATIONED target_node=northwatch_garrison current_point= order=macro.order.000001 order_source=blackstone_city order_target=northwatch_garrison route=road.blackstone.northwatch.ridge selected_army=army.player.000001 formations=[] direct_pending=false picker=false locked={  } preview={  } error= status=请选择另一处城池或驻点 no_side_effect=true
R2_STATION_CONTINUATION_TRACE stage=issued army=army.player.000001 phase=MARCHING target_node=redcliff_city current_point= order=macro.order.000002 order_source=northwatch_garrison order_target=redcliff_city route=road.northwatch.redcliff selected_army=army.player.000001 formations=[] direct_pending=false picker=false locked={  } preview={  } error= status=行军中：北望驻点 → 赤崖城 · 世界正常推进 · 1.0× success=true expected_food_spent=4
R2_STATION_CONTINUATION_TRACE stage=before army=army.player.000001 phase=STATIONED target_node=redcliff_city current_point= order=macro.order.000002 order_source=northwatch_garrison order_target=redcliff_city route=road.northwatch.redcliff selected_army=army.player.000001 formations=[] direct_pending=false picker=false locked={  } preview={  } error= status=行军中：北望驻点 → 赤崖城 · 世界正常推进 · 1.0×
R2_STATION_CONTINUATION_TRACE stage=rejected army=army.player.000001 phase=STATIONED target_node=redcliff_city current_point= order=macro.order.000002 order_source=northwatch_garrison order_target=redcliff_city route=road.northwatch.redcliff selected_army=army.player.000001 formations=[] direct_pending=false picker=false locked={  } preview={  } error= status=请选择另一处城池或驻点 no_side_effect=true
R2_STATION_CONTINUATION_TRACE stage=issued army=army.player.000001 phase=MARCHING target_node=silverford_city current_point= order=macro.order.000003 order_source=redcliff_city order_target=silverford_city route=road.redcliff.silverford selected_army=army.player.000001 formations=[] direct_pending=false picker=false locked={  } preview={  } error= status=行军中：赤崖城 → 银渡城 · 世界正常推进 · 1.0× success=true expected_food_spent=2
PASS: 主路正式路线从默认资源出征，经历有限巡逻伤亡后连续占领两座必占城
PASS: 双城结算后战役摘要和返回入口只读取既有控制权与清关事实
R2_PLAYTHROUGH_ROUTE_A elapsed_ms=42100 food_remaining=70 food_spent=10 army_casualties=13 specialist_losses=0
R2_STATION_CONTINUATION_TRACE stage=before army=army.player.000001 phase=STATIONED target_node=forest_garrison current_point= order=macro.order.000001 order_source=blackstone_city order_target=forest_garrison route=path.road.built.000002.01:f|road.built.000002.02:f|road.built.000002.03:f selected_army=army.player.000001 formations=[] direct_pending=false picker=false locked={  } preview={  } error= status=已选工程师：待命
R2_STATION_CONTINUATION_TRACE stage=rejected army=army.player.000001 phase=STATIONED target_node=forest_garrison current_point= order=macro.order.000001 order_source=blackstone_city order_target=forest_garrison route=path.road.built.000002.01:f|road.built.000002.02:f|road.built.000002.03:f selected_army= formations=[] direct_pending=false picker=false locked={  } preview={  } error= status=请选择另一处城池或驻点 no_side_effect=true
R2_STATION_CONTINUATION_TRACE stage=issued army=army.player.000001 phase=MARCHING target_node=silverford_city current_point= order=macro.order.000002 order_source=forest_garrison order_target=silverford_city route=road.forest.silverford.approach selected_army=army.player.000001 formations=[] direct_pending=false picker=false locked={  } preview={  } error= status=行军中：林间驻点 → 银渡城 · 世界正常推进 · 1.0× success=true expected_food_spent=4
R2_STATION_CONTINUATION_TRACE stage=before army=army.player.000001 phase=STATIONED target_node=silverford_city current_point= order=macro.order.000002 order_source=forest_garrison order_target=silverford_city route=road.forest.silverford.approach selected_army=army.player.000001 formations=[] direct_pending=false picker=false locked={  } preview={  } error= status=行军中：林间驻点 → 银渡城 · 世界正常推进 · 1.0×
R2_STATION_CONTINUATION_TRACE stage=rejected army=army.player.000001 phase=STATIONED target_node=silverford_city current_point= order=macro.order.000002 order_source=forest_garrison order_target=silverford_city route=road.forest.silverford.approach selected_army=army.player.000001 formations=[] direct_pending=false picker=false locked={  } preview={  } error= status=请选择另一处城池或驻点 no_side_effect=true
R2_STATION_CONTINUATION_TRACE stage=issued army=army.player.000001 phase=MARCHING target_node=redcliff_city current_point= order=macro.order.000003 order_source=silverford_city order_target=redcliff_city route=road.redcliff.silverford selected_army=army.player.000001 formations=[] direct_pending=false picker=false locked={  } preview={  } error= status=行军中：银渡城 → 赤崖城 · 世界正常推进 · 1.0× success=true expected_food_spent=4
PASS: 工程自然路线从默认资源完成侦察、界面修桥、林地伏击及双城结算，不依赖断路注入或强制专家损失
R2_PLAYTHROUGH_ROUTE_B elapsed_ms=80400 food_remaining=44 food_spent=36 army_casualties=12 specialist_losses=0 lost_roles=[] ambushes=1
BLACKSTONE_CAMPAIGN_R0_TRACE camp project=project.000001 camp=camp.000001 point=camp.site.000001
BLACKSTONE_CAMPAIGN_R0_TRACE link project=project.000002 segments=3 bridge=true
R2_STATION_CONTINUATION_TRACE stage=before army=army.player.000001 phase=STATIONED target_node=camp.site.000001 current_point= order=macro.order.000001 order_source=blackstone_city order_target=camp.site.000001 route=road.built.000002 selected_army=army.player.000001 formations=[] direct_pending=false picker=false locked={  } preview={  } error= status=已选工程师：待命
R2_STATION_CONTINUATION_TRACE stage=rejected army=army.player.000001 phase=STATIONED target_node=camp.site.000001 current_point= order=macro.order.000001 order_source=blackstone_city order_target=camp.site.000001 route=road.built.000002 selected_army=army.player.000001 formations=[] direct_pending=false picker=false locked={  } preview={  } error= status=请选择另一处城池或驻点 no_side_effect=true
R2_STATION_CONTINUATION_TRACE stage=issued army=army.player.000001 phase=MARCHING target_node=forest_garrison current_point= order=macro.order.000002 order_source=camp.site.000001 order_target=forest_garrison route=path.road.built.000003.01:f|road.built.000003.02:f|road.built.000003.03:f selected_army=army.player.000001 formations=[] direct_pending=false picker=false locked={  } preview={  } error= status=行军中：工程驻点 000001 → 林间驻点 · 世界正常推进 · 1.0× success=true expected_food_spent=4
R2_STATION_CONTINUATION_TRACE stage=before army=army.player.000001 phase=STATIONED target_node=forest_garrison current_point= order=macro.order.000002 order_source=camp.site.000001 order_target=forest_garrison route=path.road.built.000003.01:f|road.built.000003.02:f|road.built.000003.03:f selected_army=army.player.000001 formations=[] direct_pending=false picker=false locked={  } preview={  } error= status=行军中：工程驻点 000001 → 林间驻点 · 世界正常推进 · 1.0×
R2_STATION_CONTINUATION_TRACE stage=rejected army=army.player.000001 phase=STATIONED target_node=forest_garrison current_point= order=macro.order.000002 order_source=camp.site.000001 order_target=forest_garrison route=path.road.built.000003.01:f|road.built.000003.02:f|road.built.000003.03:f selected_army=army.player.000001 formations=[] direct_pending=false picker=false locked={  } preview={  } error= status=请选择另一处城池或驻点 no_side_effect=true
R2_STATION_CONTINUATION_TRACE stage=issued army=army.player.000001 phase=MARCHING target_node=silverford_city current_point= order=macro.order.000003 order_source=forest_garrison order_target=silverford_city route=road.forest.silverford.approach selected_army=army.player.000001 formations=[] direct_pending=false picker=false locked={  } preview={  } error= status=行军中：林间驻点 → 银渡城 · 世界正常推进 · 1.0× success=true expected_food_spent=4
BLACKSTONE_CAMPAIGN_R0_TRACE before_restore army=army.player.000001 phase=STATIONED silverford=player route=road.forest.silverford.approach
BLACKSTONE_CAMPAIGN_R0_TRACE restore=true silverford_garrisons=1 reinforcements=20->24 supply_ready=true transports=1
R2_STATION_CONTINUATION_TRACE stage=before army=army.player.000001 phase=STATIONED target_node=silverford_city current_point= order=macro.order.000003 order_source=forest_garrison order_target=silverford_city route=road.forest.silverford.approach selected_army=army.player.000001 formations=[] direct_pending=false picker=false locked={  } preview={  } error= status=北门先锋等3队已补充 4 人，现有 24/60 人；当地兵源剩余 0。
R2_STATION_CONTINUATION_TRACE stage=rejected army=army.player.000001 phase=STATIONED target_node=silverford_city current_point= order=macro.order.000003 order_source=forest_garrison order_target=silverford_city route=road.forest.silverford.approach selected_army=army.player.000001 formations=[] direct_pending=false picker=false locked={  } preview={  } error= status=请选择另一处城池或驻点 no_side_effect=true
R2_STATION_CONTINUATION_TRACE stage=issued army=army.player.000001 phase=MARCHING target_node=redcliff_city current_point= order=macro.order.000004 order_source=silverford_city order_target=redcliff_city route=road.redcliff.silverford selected_army=army.player.000001 formations=[] direct_pending=false picker=false locked={  } preview={  } error= status=行军中：银渡城 → 赤崖城 · 世界正常推进 · 1.0× success=true expected_food_spent=5
PASS: 工程路线通过正式工程计划建成新驻点、桥接林间道路，并以合法—无效—合法选址完成瞭望塔与真实敌情
PASS: 占领银渡城后可在真实驻军上补员，并由地点详情一次安排有限粮草运输
PASS: 工程路线中途 V5 恢复后同一军队续令赤崖城；运粮只入库一次且双城结算保持
BLACKSTONE_CAMPAIGN_R0_ROUTE_B food=80->48 camp=camp.site.000001 tower_count=2 reinforcements=4 transport=supply.000001
FIELD_TACTICS_R2_PLAYTHROUGH_SMOKE PASS assertions=7
