Godot Engine v4.5.1.stable.official.f62fdbde1 - https://godotengine.org

TXWZS_RUNTIME_IDENTITY 天下无战事 · UNKNOWN · DEBUG · UNIDENTIFIED
PASS: 正式城市入口提供唯一 ConstructionController
PASS: 正式出征先建立持久 RESERVED 尝试
PASS: 正式战前界面显示可操作的临时工事计划，而非城市永久建造
PASS: 瞭望台、攻城槌、箭塔和拒马在确认前仅修改战前草稿
PASS: 确认工事只扣一次木材并写入出征尝试，不污染常态内城 placement
PASS: 重复确认被拒绝，资源不重复扣除
PASS: 当前 V5 快照严格保留战时工事计划
PASS: V7 活动出征快照迁移为空战时计划，不会补发工事或资源
PASS: V9 既有出征迁移为显式 FIRST_WAR 来源，不错误补成守城任务
PASS: V10 缺失终局权威的待回写尝试保守恢复为最后活动检查点，不伪造战果
PASS: 确认工事后的正式 C0 仍能启动唯一战斗会话
PASS: 确认后的临时工事先进入真实施工状态，尚未提前获得观察、破门或火力
PASS: 活动 C0 为当前路线持续显示真实工事施工状态，而非只留下短暂事件日志
PASS: 工事完成后才把观察、攻城和箭塔火力接入真实战斗状态
PASS: 箭塔按既有战斗间隔向所选路线的真实敌军生命值提交一次伤害
PASS: 箭塔表现只消费已提交战斗刻的真实齐射事实，不独立计算伤亡
PASS: 拒马完工后通过同一敌军伤害意图减少该路线真实战损
PASS: 敌军同一刻的未抵消伤害写入拒马耐久与受损状态，而非丢失为表现事件
PASS: 受损拒马从保存耐久投影较弱的真实减伤，而非继续提供完好拒马的固定保护
PASS: 活动 C0 的持续工事摘要从同一保存记录显示受损拒马的实际剩余防护与延缓作用
PASS: 受损拒马通过正式战时界面显示当前路线的可用维修入口
PASS: 维修检查点保存失败会原子回滚维修资源和战时设施状态，允许原计划重试
PASS: 正式维修按钮一次扣除权威维修费用并将同一拒马置为可保存维修态
PASS: 活动 C0 的持续工事摘要在正式维修提交后显示同一可保存维修进度
PASS: 维修已开始后重复点击不会重复扣除战时维修资源
PASS: 维修中的战时实例继续推进同一正式战斗刻
PASS: 维修中的战时实例继续推进同一正式战斗刻
PASS: 维修完成态通过既有战时检查点保存
PASS: 维修完成只恢复同一拒马的战时耐久与路线作用
PASS: 活动战时实例检查点保存真实战斗刻、命令和路线，可由同一出征恢复
PASS: 正式 C0 重开自动恢复活动实例并继续同一世界战斗刻
PASS: V5 恢复后的正式城市入口能重新打开同一活动战时实例
PASS: 恢复后的 C0 从保存战斗刻继续，不从 tick 0 或城市起点重算
PASS: 非法活动战时实例被严格拒绝，不能污染城市或重置为伪造胜利
PASS: 活动会话恢复拒绝重复小队身份，不能借重复记录覆盖参战编队
PASS: 活动会话恢复在转换前拒绝错误数值类型
PASS: 活动会话恢复拒绝与已接受军令身份相同但内容冲突的待执行记录
WARTIME_INNER_CITY_R0_SMOKE PASS
