Godot Engine v4.5.1.stable.official.f62fdbde1 - https://godotengine.org

TXWZS_RUNTIME_IDENTITY 天下无战事 · UNKNOWN · DEBUG · UNKNOWN
PASS: 新局春季住房恰好覆盖人口，居民与驻军日粮只计算一次
PASS: 医疗人员可以通过正式人口调岗释放
PASS: 首次缺粮日仍可结算并给出预警
PASS: 首次缺粮先降低健康，不立即制造大量病人
PASS: 持续缺粮进入第二日
PASS: 持续缺粮按聚合规则产生可解释疾病
PASS: 第三个压力日触发稳定治安事件
PASS: 资源压力形成带稳定身份的轻微治安事件
PASS: 治理投入人员与粮食后一次解决事件
PASS: 重复治理不重复扣粮或重结算事件
PASS: 恢复医疗人员不创建新人口
PASS: 粮食恢复后城市继续推进
PASS: 医疗容量与人员共同使疾病康复，健康逐步回升
PASS: 使用同一城市日历推进到冬季
PASS: 使用同一城市日历推进到冬季
PASS: 使用同一城市日历推进到冬季
PASS: 使用同一城市日历推进到冬季
PASS: 使用同一城市日历推进到冬季
PASS: 冬季按日历降低住房有效容量并显示可预见压力
PASS: 实际完工民居提供住房能力，不补发居民
PASS: 实际完工医舍提供医疗容量，与医疗人员分开计算
PASS: 治理、疾病与已解决事件经正式 V5 恢复保持一致
PASS: V13 旧档只补保守治理、未知人口维度与空战略默认值，不补资源、居民、文官或有利事件
PASS: V13 旧档人口字段先校验类型，不通过数值转换接受非法输入
PASS: 非法疾病人口在应用前拒绝且不污染现状
PASS: 现有治理区提供民居、医舍与治安行动入口
CITY_GOVERNANCE_R0_SMOKE PASS assertions=26
