Godot Engine v4.5.1.stable.official.f62fdbde1 - https://godotengine.org
Metal 3.2 - Forward+ - Using Device #0: Apple - Apple M4 (Apple9)

Movie Maker mode enabled, recording movie at 30 FPS...
TXWZS_RUNTIME_IDENTITY 天下无战事 · UNKNOWN · DEBUG · UNIDENTIFIED
PASS: existing strategist appointed through city transaction
PASS: original formations depart through normal army transaction
PASS: normal city opens external war theatre
PASS: formal siege entry is available on the war map
PASS: formal source uses spatial map
PASS: ram and tower use one existing resource transaction
PASS: map input selects the visible formation
PASS: map input creates legal spatial deployment
PASS: invalid deployment clears previous draft
PASS: original army activates
PASS: entry does not charge departure food twice
PASS: legal staging deployment accepted
PASS: deployment preserves frozen formations and HP
PASS: forward deployment rejected
PASS: full snapshot restores before path checks
PASS: isolated checks restore exact starting session
PASS: crew travels before ram preparation
PASS: visible domain command uses shared energy
PASS: map-selected domain target overrides frozen source route
PASS: crews reach separate work positions and finish paid works
PASS: ram damages gate only after physical approach and preparation
PASS: map gate input submits attack order
PASS: map gate input submits attack order
PASS: spatial assault reaches victory
PASS: result confirmation idempotent
PASS: same army stationed after victory
PASS: formal result returns to theatre
PASS: temporary battle scene released
WARTIME_SPATIAL_R1 PASS assertions=28
--------------------------------------------------------------------------------
Done recording movie at path: /tmp/txwzs-spatial-assault-final.avi
379 frames at 30 FPS (movie length: 00:00:12:19), recorded in 00:00:14 (85% of real-time speed).
CPU render time: 0.04 seconds (average: 0.10 ms/frame)
GPU render time: 0.00 seconds (average: 0.00 ms/frame)
Encoding time: 1.55 seconds (average: 4.08 ms/frame)
--------------------------------------------------------------------------------
