Godot Engine v4.5.1.stable.official.f62fdbde1 - https://godotengine.org
Metal 3.2 - Forward+ - Using Device #0: Apple - Apple M4 (Apple9)

Movie Maker mode enabled, recording movie at 30 FPS...
TXWZS_RUNTIME_IDENTITY 天下无战事 · UNKNOWN · DEBUG · UNIDENTIFIED
PASS: same sourced invasion reaches Blackstone by road
PASS: appoint battle support official through city transaction
PASS: normal city defense entry
PASS: defense freezes the same arriving enemy
PASS: defense activates
PASS: enemy approaches physically without remote gate damage
PASS: outside crew builds trap at its actual position
PASS: defense redeploys an existing formation across the outside connection
PASS: reserve movement exposes a real defensive work to contact
PASS: defense protection uses formal shared energy transaction
PASS: defense physically repairs a damaged work before redeploying its crew
PASS: two approaches can be defended with real deployments
PASS: approaching enemies trigger and consume the real trap
PASS: completed observation post reveals its actual corridor
PASS: defense writes losses once
PASS: defense returns to regular city
WARTIME_SPATIAL_R1 PASS assertions=16
--------------------------------------------------------------------------------
Done recording movie at path: /tmp/txwzs-spatial-defense-final.avi
404 frames at 30 FPS (movie length: 00:00:13:14), recorded in 00:00:17 (76% of real-time speed).
CPU render time: 0.04 seconds (average: 0.10 ms/frame)
GPU render time: 0.00 seconds (average: 0.00 ms/frame)
Encoding time: 1.66 seconds (average: 4.10 ms/frame)
--------------------------------------------------------------------------------
