Godot Engine v4.5.1.stable.official.f62fdbde1 - https://godotengine.org

TXWZS_RUNTIME_IDENTITY 天下无战事 · UNKNOWN · DEBUG · UNIDENTIFIED
PASS: 新战役确定性获得三名首版文官与三点共享能量
PASS: 任命关键保存失败时选择完整回滚
PASS: 正式任命入口选择医政官
PASS: 医疗支援消耗共享能量并提高真实医疗容量
PASS: 制造关键保存失败时材料与物品归属共同回滚
PASS: 确定性制造通过既有资源事务获得唯一装备
PASS: 制式装备进入正式步兵战斗投影
PASS: 制式装备卸下经过正式保存边界；失败恢复原装配，成功只移除临时效果
PASS: 交易关键保存失败时付出、收益与回执零部分写入
PASS: 一键贸易同时提交付出、获得与唯一回执
PASS: 同日重复交易拒绝且零副作用
PASS: 轻行装具进入正式道路耗时计算
PASS: 正式军令冻结装配后的机动耗时，城内后续状态不能回写在途参数
PASS: 文官能量、装备归属、交易回执与在途冻结参数经正式 V5 精确恢复
PASS: 将领六槽保留唯一归属，首版武器可从正式城市整备入口装配
PASS: 攻击装备、防护装备与战前文官支援冻结进正式战斗快照
PASS: 生产支援提高正式建筑生产结算值，不直接发放资源
PASS: 支援到期保存失败时不延长效果，界面标明待重试且下一次边界只清除一次
CITY_STRATEGY_R0_SMOKE PASS assertions=18
