Godot Engine v4.5.1.stable.official.f62fdbde1 - https://godotengine.org

TXWZS_RUNTIME_IDENTITY 天下无战事 · UNKNOWN · DEBUG · UNIDENTIFIED
PASS: 正式出征测试进入已付费 C0
PASS: 已付费 RESERVED 阶段显示可点击的已确认状态
PASS: 已付费 RESERVED 阶段拒绝静默返回，粮草与 immutable attempt 零变化
PASS: 拒绝后仍可正常开始已确认战斗
PASS: 已确认出征通过真实撤退结算收口
PASS: 撤退结算返回同一内城并保留战后摘要门禁
PASS: 撤退只写入一次逐编队战果，不重复扣除出征粮草
PASS: 战前 Esc 测试进入已付费正式 C0
PASS: 战前 Esc 与按钮一致：已付费出征明确拒绝，零退款零状态篡改
PASS: Esc 拒绝后仍能开始既有出征
PASS: 战中取消测试进入正式 C0
PASS: 战中取消测试启动 BattleSession
PASS: 战中 Esc 只打开单个确认框并冻结战斗输入与 tick
PASS: 连续退出请求不会创建第二个确认框节点
PASS: 确认框打开时拒绝重复退出请求
PASS: 取消退出关闭确认框
PASS: 取消退出恢复原战斗且未改变权威状态
PASS: 连续 Esc 不叠加确认框，第二次按键等同取消
PASS: 全军撤退测试进入正式 C0
PASS: 全军撤退测试启动 BattleSession
PASS: 战中退出先显示后果确认
PASS: 确认退出通过确定性全军撤退生成并应用正式战果
PASS: 战中退出写回一次撤退伤亡并清理兵力事务
PASS: 双击确认被退出防重入保护拒绝
PASS: 全军撤退返回同一内城并恢复输入、镜头和战后摘要门禁
PASS: 场景返回不会再次应用撤退战果
PASS: 战后返回测试进入正式 C0
PASS: 战后返回测试启动 BattleSession
PASS: 战后返回测试生成真实战果
PASS: RESULT_PENDING 的 Esc 不绕过战果确认或提前写回
PASS: 战果确认后全局主操作变为返回内城
PASS: 战后全局入口返回内城
PASS: 重复战后返回请求被防重入保护拒绝
PASS: 战后返回恢复城市且不重复写回战果
PASS: SceneTree 保持 auto_accept_quit，操作系统关闭窗口未被战斗页吞掉
C0F_BATTLE_EXIT_RETURN_SMOKE PASS
