Godot Engine v4.5.1.stable.official.f62fdbde1 - https://godotengine.org

PASS: 第 1 日敌军和工事快照确定
PASS: 第 5 日敌军和工事快照确定
PASS: 第 8 日敌军和工事快照确定
PASS: 第 10 日敌军和工事快照确定
PASS: 第 12 日敌军和工事快照确定
PASS: 命令使用递增序号并记录 issued tick
PASS: 命令不会在渲染帧或当前 tick 立即生效
PASS: 同一小队同一 tick 拒绝第二条命令
PASS: 命令在下一 0.25 秒 tick 生效并按定点距离移动
PASS: 下一 tick 可以下达序号 2
PASS: 战斗状态只记录整数 HP、tick 和定点距离
PASS: 真实 tick 演算产生侧门胜利和一致伤亡
PASS: 真实接敌产生全军失败
PASS: 主动撤退形成正式 RETREAT 并保留幸存者
PASS: 先锋攻击和供给不足使用整数基点
PASS: 守备官按 1.12 防御除数减少人员伤害
PASS: 确定性重放 001/100
PASS: 确定性重放 002/100
PASS: 确定性重放 003/100
PASS: 确定性重放 004/100
PASS: 确定性重放 005/100
PASS: 确定性重放 006/100
PASS: 确定性重放 007/100
PASS: 确定性重放 008/100
PASS: 确定性重放 009/100
PASS: 确定性重放 010/100
PASS: 确定性重放 011/100
PASS: 确定性重放 012/100
PASS: 确定性重放 013/100
PASS: 确定性重放 014/100
PASS: 确定性重放 015/100
PASS: 确定性重放 016/100
PASS: 确定性重放 017/100
PASS: 确定性重放 018/100
PASS: 确定性重放 019/100
PASS: 确定性重放 020/100
PASS: 确定性重放 021/100
PASS: 确定性重放 022/100
PASS: 确定性重放 023/100
PASS: 确定性重放 024/100
PASS: 确定性重放 025/100
PASS: 确定性重放 026/100
PASS: 确定性重放 027/100
PASS: 确定性重放 028/100
PASS: 确定性重放 029/100
PASS: 确定性重放 030/100
PASS: 确定性重放 031/100
PASS: 确定性重放 032/100
PASS: 确定性重放 033/100
PASS: 确定性重放 034/100
PASS: 确定性重放 035/100
PASS: 确定性重放 036/100
PASS: 确定性重放 037/100
PASS: 确定性重放 038/100
PASS: 确定性重放 039/100
PASS: 确定性重放 040/100
PASS: 确定性重放 041/100
PASS: 确定性重放 042/100
PASS: 确定性重放 043/100
PASS: 确定性重放 044/100
PASS: 确定性重放 045/100
PASS: 确定性重放 046/100
PASS: 确定性重放 047/100
PASS: 确定性重放 048/100
PASS: 确定性重放 049/100
PASS: 确定性重放 050/100
PASS: 确定性重放 051/100
PASS: 确定性重放 052/100
PASS: 确定性重放 053/100
PASS: 确定性重放 054/100
PASS: 确定性重放 055/100
PASS: 确定性重放 056/100
PASS: 确定性重放 057/100
PASS: 确定性重放 058/100
PASS: 确定性重放 059/100
PASS: 确定性重放 060/100
PASS: 确定性重放 061/100
PASS: 确定性重放 062/100
PASS: 确定性重放 063/100
PASS: 确定性重放 064/100
PASS: 确定性重放 065/100
PASS: 确定性重放 066/100
PASS: 确定性重放 067/100
PASS: 确定性重放 068/100
PASS: 确定性重放 069/100
PASS: 确定性重放 070/100
PASS: 确定性重放 071/100
PASS: 确定性重放 072/100
PASS: 确定性重放 073/100
PASS: 确定性重放 074/100
PASS: 确定性重放 075/100
PASS: 确定性重放 076/100
PASS: 确定性重放 077/100
PASS: 确定性重放 078/100
PASS: 确定性重放 079/100
PASS: 确定性重放 080/100
PASS: 确定性重放 081/100
PASS: 确定性重放 082/100
PASS: 确定性重放 083/100
PASS: 确定性重放 084/100
PASS: 确定性重放 085/100
PASS: 确定性重放 086/100
PASS: 确定性重放 087/100
PASS: 确定性重放 088/100
PASS: 确定性重放 089/100
PASS: 确定性重放 090/100
PASS: 确定性重放 091/100
PASS: 确定性重放 092/100
PASS: 确定性重放 093/100
PASS: 确定性重放 094/100
PASS: 确定性重放 095/100
PASS: 确定性重放 096/100
PASS: 确定性重放 097/100
PASS: 确定性重放 098/100
PASS: 确定性重放 099/100
PASS: 确定性重放 100/100
C0B_DETERMINISTIC_BATTLE_SMOKE PASS
TXWZS_RUNTIME_IDENTITY 天下无战事 · UNKNOWN · DEBUG · UNIDENTIFIED
