Godot Engine v4.5.1.stable.official.f62fdbde1 - https://godotengine.org

PASS: 两支不同编队可并行持有独立军令
PASS: 快照拒绝同一编队同时属于两支军队
PASS: 旧单路与复合路径句柄快照恢复时迁移为显式有向段序列
PASS: 临时路径从有向弯道路段中点沿原道路回退接入路网，不跳到或直切路口
PASS: 新驻点在越界或水域时由同一权威预览和正式提交拒绝，且不保留营地、道路或资源副作用
PASS: 战区 Resource 水域命中的工程线拆为道路、桥梁、道路的连续施工计划
PASS: 加固道路跨水时两岸保留加固材料，仅水域段成为桥梁
PASS: 连续施工按道路、桥梁、道路顺序开放，未完成后段不会提前通军
PASS: 自动生成的桥头连接点解析为实际路段端点，而非世界原点
PASS: 每个施工路段首次开放都会产生可发布的权威道路事件
PASS: 工程师先到达施工起点，再沿当前陆地作业段推进实际位置
PASS: 工程师损失后可由新工程师接续原工程，不重建道路、营地或工程身份
PASS: 专家移动保存并执行绕水陆地路径，位置不会沿直线穿过水域
PASS: 旧在途专家存档缺少路径时从保存位置重规划，避免回退为穿水直线
PASS: 专家跨越已开放弯桥时保存桥梁折线，不以桥头直线缩短路径
PASS: 维修端点按工程师实际陆地路径选择，不要求先存在军队道路连接
PASS: 主路进入运行时路网且默认可通行
PASS: 运行时路网将连续主路解析为有序路段路径，预览与权威时长使用同一条路径
PASS: 同一起终点的两条多段路线按明确道路身份选择对应道路序列
PASS: 显式道路选择是权威硬约束：指定道路受损时拒绝，不静默回退到另一条同端点道路
PASS: 图搜索可规划超过十二段的连续合法路线，而不枚举所有简单路径
PASS: 跨段行军只因当前或前方受损道路受阻，已走过道路不会误停
PASS: 权威确认拒绝两段开放但端点不相连的道路序列
PASS: 巡逻等待、到站余量和接敌切换均满足单次推进与拆分推进一致
PASS: 未侦察巡逻不泄露实时兵力
PASS: 侦察兵按实际坐标连续移动，远离视野时不泄露巡逻
PASS: 侦察兵在途期间不提前到达或揭示敌情
PASS: 侦察兵到达实际位置后获得最后情报，并会在同一节点被巡逻击杀
PASS: 巡逻在等待后沿路线实际移动；失去观察后情报保留最后观察坐标而不追踪当前位置
PASS: 工程确认后保留施工事务，未完成道路不能提前通军
PASS: 施工进度未满时动态道路仍不可通行
PASS: 工程完成后道路与道路相连驻扎点同时成为正式运行时节点
PASS: 完工工程道路进入正式军令校验与行军时长计算
PASS: 敌方造成的真实路损会改变通行状态
PASS: 受损道路只从工程师当前可达的桥头或道路端点建立维修事务，不能隔空立即修好
PASS: 维修到场帧余量计入施工：一次推进与拆分推进得到相同道路和项目状态
PASS: 工程师到达维修点的同一时间步不跳过维修工期
PASS: 维修进度未完成时道路继续阻断军队通行
PASS: 工程师到场完成后恢复原道路身份，并允许同一路段反向往返
PASS: 玩家指定的新工程驻点以运行时坐标进入可通军路网
PASS: 两名工程师在首项完工前确认工程时分别保留不同驻点编号
PASS: 施工、驻点、道路与探索记录可随战役快照冷恢复
PASS: 无效战术快照在写入前被拒绝
PASS: R1 单攻城快照迁移为带战区状态的 R2 快照
PASS: 不同敌城可保留并推进独立攻城记录并冷恢复
TXWZS_RUNTIME_IDENTITY 天下无战事 · UNKNOWN · DEBUG · UNIDENTIFIED
PASS: 正式城市入口可对不同编队提交两支并行军令
PASS: 正式入口拒绝已经由第一支军队占用的编队
PASS: 侦察兵和工程师通过正式城市资源事务派遣
PASS: 正式 Controller 入口保留陆地材料，仅将跨水区段规划为桥梁
PASS: 正式工程生成的桥段、桥头和道路可被后续工程师实际跨越
PASS: 正式 V5 恢复会以战区水域标准化旧专家路径，并保持严格快照核对
PASS: 同一座正式生成桥可双向通行；损坏后不再作为任一方向的可通行桥面
PASS: 两支军令与工程战区状态可在同一正式快照冷恢复
PASS: 已侦察巡逻进入林地驻军伏击时只获得一次先手并暴露，护卫保住工程师且巡逻会实际损坏附近工程道路
PASS: 伏击首击消耗、暴露后的巡逻兵力、道路损坏和真实编队伤亡冷恢复后不会刷新
PASS: 正式绘线确认的多段军令保留段序列、连续抵达且冷恢复不重复扣粮
PASS: 真实受损道路使军令就近受阻；到场维修后原 order 自动恢复且不重复扣行军粮
PASS: 正式 Controller 在前方断路后从低洼弯道路中实际回退并转移到可达工程驻点，原令和粮食保持不变
PASS: 维修完成后军队先沿临时路径返回冻结位置，再以同一原军令继续行军
PASS: 临时转移路线再次断裂时军队停在实际进度，不穿越损坏路段也不替换原军令
PASS: 临时路线修复后从冻结位置继续转移并抵达原选定驻点
PASS: 正式 _process 在返回边界消费剩余时间，30/60 FPS 与不规则帧步得到相同军令状态
PASS: 巡逻接敌同时比较空间与时间：相向交会和到站边界命中，同向间隔及先后经过不误判
PASS: 专家与巡逻也以同一时间区间判断接触，不把同向间隔或先后经过误算为遇袭
PASS: 护卫是否生效取决于接敌时刻的位置：提前离开不保护，及时抵达才参与
PASS: 施工人员沿作业路线生成带时间轨迹；同一接敌在大步与拆分推进下于相同进度中断且不会提前开路
PASS: 移动中的专家会被巡逻实际接触；有效距离内的军队护卫会阻止专家被直接击杀
PASS: 两支军队接触同一巡逻时共享有限敌军并各自回写真实编队伤亡，敌军只结算一次
PASS: 一处巡逻遭遇与另一支军队攻城并行推进，已结算巡逻不会按帧重复扣兵
PASS: 巡逻唯一兵力、已结算军队身份和逐编队伤亡随正式 V5 快照冷恢复
CROSSING_CONTACT_COMPARE world_contact=6825/6824 position=(466, 248)/(466, 247) damage=test.crossing.engineered/test.crossing.engineered state=DAMAGED/DAMAGED
CROSSING_CONTACT_COMPARE world_contact=6825/6823 position=(466, 248)/(466, 247) damage=test.crossing.engineered/test.crossing.engineered state=DAMAGED/DAMAGED
CROSSING_CONTACT_COMPARE world_contact=6825/6824 position=(466, 248)/(466, 247) damage=test.crossing.engineered/test.crossing.engineered state=DAMAGED/DAMAGED
PASS: 军队与巡逻在同一道路相向穿越时不会因帧末错开而漏战，单步、30/60 FPS 与不规则帧得到相同结算
PASS: 首次接触坐标同时决定工程道路损坏；大步、30/60 FPS 与不规则帧保持同一接触和损坏结果
FIELD_TACTICS_R2_SMOKE PASS assertions=72
WARNING: ObjectDB instances leaked at exit (run with --verbose for details).
     at: cleanup (core/object/object.cpp:2514)
