Godot Engine v4.5.1.stable.official.f62fdbde1 - https://godotengine.org

TXWZS_RUNTIME_IDENTITY 天下无战事 · UNKNOWN · DEBUG · UNKNOWN
ACTION depart { "success": true, "message": "首批兵粮已转入本关；家中不再供给关内军令" }
PASS: normal entry transfers the real 20-soldier roster and exactly 30 food / 55 wood into the scoped campaign inventory
ACTION build { "success": true, "message": "已登记本关建设；材料按进度投入，缺料时保留进度" }
ACTION connect { "success": true, "message": "道路已接通；安排岗位后开始有效生产" }
PASS: LOGGING pays its real road connection
ACTION workers { "success": true, "message": "已调整驻地岗位" }
PASS: a connected four-worker logging camp earns two real 18-wood cycles before later construction
ACTION build { "success": true, "message": "已登记本关建设；材料按进度投入，缺料时保留进度" }
ACTION connect { "success": true, "message": "道路已接通；安排岗位后开始有效生产" }
PASS: FARM pays its real road connection
ACTION workers { "success": true, "message": "已调整驻地岗位" }
PASS: farm completion and three further logging cycles use real production, rations, and timed construction payments
ACTION build { "success": true, "message": "已登记本关建设；材料按进度投入，缺料时保留进度" }
ACTION connect { "success": true, "message": "道路已接通；安排岗位后开始有效生产" }
PASS: CLINIC pays its real road connection
ACTION workers { "success": true, "message": "已调整驻地岗位" }
ACTION build { "success": true, "message": "已登记本关建设；材料按进度投入，缺料时保留进度" }
ACTION connect { "success": true, "message": "道路已接通；安排岗位后开始有效生产" }
PASS: WAREHOUSE pays its real road connection
PASS: clinic and warehouse follow the logging-first material chain with their authored costs, road fees, and raised storage capacity
ACTION move { "success": true, "message": "关内军令已更新，兵员身份与本地供粮保持不变" }
ACTION supply { "success": true, "message": "已领取当地有限粮食 20；库存不会刷新" }
ACTION train { "success": true, "message": "当地预备人员开始训练；本关结束后按来源留当地" }
ACTION move { "success": false, "error": "本队正在训练或治疗，请完成后再行军" }
PASS: controlled Silverford provides finite supply and local training; training blocks movement and its finished recruits retain local provenance
ACTION workers { "success": true, "message": "已调整驻地岗位" }
ACTION workers { "success": true, "message": "已调整驻地岗位" }
ACTION move { "success": true, "message": "关内军令已更新，兵员身份与本地供粮保持不变" }
ACTION move { "success": true, "message": "关内军令已更新，兵员身份与本地供粮保持不变" }
ACTION treat { "success": true, "message": "伤员接受治疗；阵亡者不会复活" }
PASS: a real mid-siege retreat creates wounded and fallen; a connected staffed clinic restores only wounded living members
ACTION outcome { "success": true, "message": "战果待确认；暂离与普通保存不会提交永久损失" }
ACTION confirm { "success": true, "message": "损益已确认，合法幸存者完成归队；当地人员留在当地" }
PASS: withdraw-preview confirmation returns only home survivors: local recruits stay local and fallen members are never recreated
REGULAR_CAMPAIGN_R1_SERVICES PASS assertions=11
